INFO         | Android emulator version 37.1.11.0 (build_id 15917651) (CL:N/A)
INFO         | Graphics backend: gfxstream
INFO         | Found systemPath C:\Users\Zakir\AppData\Local\Android\Sdk\system-images\android-37.1\google_apis_playstore_ps16k\x86_64\
INFO         | Guest usage of host flag 'VulkanVirtualQueue' will be ignored.
INFO         | Increasing RAM size to 4096MB
INFO         | IPv4 server found: 103.60.172.20
INFO         | Ignore IPv6 address: 1808:dd3c:c201:0:8000:dd3c:c201:0
INFO         | Ignore IPv6 address: 1808:dd3c:c201:0:8000:dd3c:c201:0
INFO         | Ignore IPv6 address: 1808:dd3c:c201:0:8000:dd3c:c201:0
INFO         | Guest GLES Driver: Auto (ext controls)
INFO         | emuglConfig_get_vulkan_hardware_gpu_support_info: Found physical GPU 'Intel(R) UHD Graphics 730', type: VK_PHYSICAL_DEVICE_TYPE_INTEGRATED_GPU, apiVersion: 1.4.323, driverVersion: 0.405.2992

INFO         | emuglConfig_init: vulkan_mode_selected:host gles_mode_selected:host
INFO         | Checking system compatibility:
INFO         |   Checking: hasCompatibleHypervisor
INFO         |      Ok: Hypervisor compatibility to run avd: `Pixel_9a` are met
INFO         |   Checking: hasSufficientSystem
INFO         |      Warning: Suggested minimum system RAM to run avd 'Pixel_9a' is 16384 MiB (available: 16165 MiB)
INFO         |   Checking: hasSufficientHwGpu
INFO         |      Ok: Hardware GPU requirements to run avd: `Pixel_9a` are passed
INFO         |   Checking: hasSufficientDiskSpace
INFO         |      Ok: Disk space requirements to run avd: `Pixel_9a` are met
USER_WARNING | Suggested minimum system RAM to run avd 'Pixel_9a' is 16384 MiB (available: 16165 MiB).
INFO         | Critical: Failed to load opengl32sw (The specified module could not be found.) (:0, )
INFO         | Warning: Software OpenGL failed. Falling back to system OpenGL. (:0, )
INFO         | Storing crashdata in: C:\Users\Zakir\AppData\Local\Temp\\AndroidEmulator\emu-crash-37.1.11.db, detection is enabled for process: 14732
INFO         | Initializing gfxstream backend
INFO         | startOpenglesRendererImpl: gpu info
INFO         | GPU #1
  Make: 8086
  Model: Intel(R) UHD Graphics 730
  Device ID: 4692

INFO         | Vulkan 1.4 is not supported for the guest and won't be enabled
INFO         | Disabling implicit Vulkan layers to avoid compatibility issues. Set VK_LOADER_LAYERS_DISABLE manually to disable this behavior.
INFO         | SharedLibrary::open for [C:\Users\Zakir\AppData\Local\Android\Sdk\emulator\qemu\windows-x86_64\lib64\vulkan\vulkan-1.dll]
INFO         | SharedLibrary::open for [C:\Users\Zakir\AppData\Local\Android\Sdk\emulator\lib64\vulkan\vulkan-1.dll]
INFO         | Added library: C:\Users\Zakir\AppData\Local\Android\Sdk\emulator\lib64\vulkan\vulkan-1.dll
INFO         | Selecting Vulkan device: Intel(R) UHD Graphics 730, Version: 1.4.323
INFO         | Using Vulkan externalMemoryMode: OpaqueWin32 for VkEmulation
INFO         | Initializing VkEmulation features:
INFO         |     glInteropSupported: false
INFO         |     useDeferredCommands: true
INFO         |     createResourceWithRequirements: true
INFO         |     useVulkanComposition: false
INFO         |     useVulkanNativeSwapchain: false
INFO         |     enable guestRenderDoc: false
INFO         |     ASTC LDR emulation mode: Gpu
INFO         |     enable ETC2 emulation: true
INFO         |     enable Ycbcr emulation: false
INFO         |     guestVulkanOnly: false
INFO         |     useDedicatedAllocations: false
INFO         |     guestVulkanMaxApiVersion: 1.3.0
INFO         |     enableProtectedMemoryEmulation: false
INFO         | Graphics Adapter Vendor Google (Intel)
INFO         | Graphics Adapter Android Emulator OpenGL ES Translator (Intel(R) UHD Graphics 730)
INFO         | Graphics API Version OpenGL ES 3.0 (4.5.0 - Build 32.0.101.7088)
INFO         | Graphics API Extensions GL_OES_EGL_sync GL_OES_EGL_image GL_OES_EGL_image_external GL_OES_depth24 GL_OES_depth32 GL_OES_element_index_uint GL_OES_texture_float GL_OES_texture_float_linear GL_OES_compressed_paletted_texture GL_OES_compressed_ETC1_RGB8_texture GL_OES_depth_texture GL_OES_texture_half_float GL_OES_texture_half_float_linear GL_OES_packed_depth_stencil GL_OES_vertex_half_float GL_OES_texture_npot GL_OES_rgb8_rgba8 GL_EXT_color_buffer_float GL_EXT_color_buffer_half_float GL_EXT_texture_format_BGRA8888 GL_APPLE_texture_format_BGRA8888 
INFO         | Graphics Device Extensions N/A
INFO         | Disabling sparse binding feature support
INFO         | Sending adb public key [QAAAAOd47qwp5Rhqce5gCXDuoTuRIsXQEJ/upRY8CwgCHv2E6f2xnp4OVrBy6k004Ma/9fGGKBF/GrvTLVfWtabz3tf4vEW3v7WfEqL9fzHO4+Fa/txIGMsQwUnu6x9o8y6JCcRAGCv1wAzK4sL/3aZ5hMsfiIZ1zECcAQZQXif2HVDvI1RTKX9i24SLbPAiwuCimGAX1PY75QCY7YsFObejkDCk5A2VLXaWrOrlT3brj1SOmZcPbfT/jmMFrg/imQtKqkArDEFFhhVrYL5HE6S5zmFJvNcpyqBm6PEUEIuzb4FV9QDU/7H5dH5huLhpL81C0hw3qjMNapc4NB1bdpMqJF42yG2uDyO5fxwHjzhY9vU/TbqqdWYimZuZKNgq0gUo3OHSv+5MrKKlOHNWgKBrWYuOy5y6BHk3Nz9YxhgrMegPYDbcnrIyuM07K3QDOduejSiiQKT5FFmriN/9QvGD508USpHn75oSPvSMGUuFpqfb0UZKaVg36tcLJUTki7FBxETNBlvV70H6E9TCmQt8OaOULaHIah5A3FyUxqGbBm6Hkm5MP2YMr4y8iFA0rKuZ4u2S05BMkHKz/RnwbpYX3/MlF3YNELPGGStlSuWSDXYkmQZgr7O0+eOktwwgUZFMzV2wOap41IYCrNFMHeqtnzd2s7sa7K3tzNrwITvZEBuIuoSLJwEAAQA= @unknown]
INFO         | Userspace boot properties:
INFO         |   androidboot.boot_devices=pci0000:00/0000:00:03.0 pci0000:00/0000:00:06.0
INFO         |   androidboot.dalvik.vm.heapsize=576m
INFO         |   androidboot.debug.hwui.renderer=skiagl
INFO         |   androidboot.hardware=ranchu
INFO         |   androidboot.hardware.gltransport=pipe
INFO         |   androidboot.hardware.vulkan=ranchu
INFO         |   androidboot.logcat=*:V
INFO         |   androidboot.opengles.version=196608
INFO         |   androidboot.qemu=1
INFO         |   androidboot.qemu.adb.pubkey=QAAAAOd47qwp5Rhqce5gCXDuoTuRIsXQEJ/upRY8CwgCHv2E6f2xnp4OVrBy6k004Ma/9fGGKBF/GrvTLVfWtabz3tf4vEW3v7WfEqL9fzHO4+Fa/txIGMsQwUnu6x9o8y6JCcRAGCv1wAzK4sL/3aZ5hMsfiIZ1zECcAQZQXif2HVDvI1RTKX9i24SLbPAiwuCimGAX1PY75QCY7YsFObejkDCk5A2VLXaWrOrlT3brj1SOmZcPbfT/jmMFrg/imQtKqkArDEFFhhVrYL5HE6S5zmFJvNcpyqBm6PEUEIuzb4FV9QDU/7H5dH5huLhpL81C0hw3qjMNapc4NB1bdpMqJF42yG2uDyO5fxwHjzhY9vU/TbqqdWYimZuZKNgq0gUo3OHSv+5MrKKlOHNWgKBrWYuOy5y6BHk3Nz9YxhgrMegPYDbcnrIyuM07K3QDOduejSiiQKT5FFmriN/9QvGD508USpHn75oSPvSMGUuFpqfb0UZKaVg36tcLJUTki7FBxETNBlvV70H6E9TCmQt8OaOULaHIah5A3FyUxqGbBm6Hkm5MP2YMr4y8iFA0rKuZ4u2S05BMkHKz/RnwbpYX3/MlF3YNELPGGStlSuWSDXYkmQZgr7O0+eOktwwgUZFMzV2wOap41IYCrNFMHeqtnzd2s7sa7K3tzNrwITvZEBuIuoSLJwEAAQA= @unknown
INFO         |   androidboot.qemu.avd_name=Pixel_9a
INFO         |   androidboot.qemu.camera_hq_edge_processing=0
INFO         |   androidboot.qemu.camera_protocol_ver=1
INFO         |   androidboot.qemu.cpuvulkan.version=4210688
INFO         |   androidboot.qemu.gltransport.drawFlushInterval=800
INFO         |   androidboot.qemu.gltransport.name=pipe
INFO         |   androidboot.qemu.hwcodec.avcdec=2
INFO         |   androidboot.qemu.hwcodec.hevcdec=2
INFO         |   androidboot.qemu.hwcodec.vpxdec=2
INFO         |   androidboot.qemu.settings.system.screen_off_timeout=2147483647
INFO         |   androidboot.qemu.skin=pixel_9a
INFO         |   androidboot.qemu.virtiowifi=1
INFO         |   androidboot.qemu.vsync=60
INFO         |   androidboot.serialno=EMULATOR37X1X11X0
INFO         |   androidboot.vbmeta.digest=f424461a0a397fda72fd179bc94e871022314ef1502d4ea1133175a87b4746ed
INFO         |   androidboot.vbmeta.hash_alg=sha256
INFO         |   androidboot.vbmeta.size=6720
INFO         |   androidboot.veritymode=enforcing
WHPX on Windows 10.0.26200 detected.
Windows Hypervisor Platform accelerator is operational
netsimd I 09-29 07:20:58.381 external/netsim+/rust/daemon/src\rust_main.rs:93 - netsim artifacts path: "C:\\Users\\Zakir\\AppData\\Local\\Temp\\netsimd"
netsimd I 09-29 07:20:58.381 external/netsim+/rust/daemon/src\rust_main.rs:96 - NetsimdArgs {
    fd_startup_str: None,
    no_cli_ui: true,
    no_web_ui: true,
    pcap: false,
    disable_address_reuse: false,
    hci_port: None,
    connector_instance: None,
    instance: None,
    logtostderr: false,
    dev: false,
    forward_host_mdns: false,
    vsock: None,
    config: None,
    host_dns: Some(
        "103.60.172.20",
    ),
    http_proxy: None,
    wifi_tap: None,
    wifi: None,
    test_beacons: false,
    no_test_beacons: false,
    no_shutdown: false,
    verbose: false,
    version: false,
    debug: DebugArgs {
        debug_no_traffic: false,
        debug_no_network: false,
        debug_no_wmedium: false,
        debug_no_mdns_wmedium: false,
        debug_no_guest_to_host_mdns: false,
    },
    rssi: None,
}
INFO         | Monitoring duration of emulator setup.
WARNING      | The emulator now requires a signed jwt token for gRPC access! Use the -grpc flag if you really want an open unprotected grpc port
INFO         | Using security allow list from: C:\Users\Zakir\AppData\Local\Android\Sdk\emulator\lib\emulator_access.json
INFO         | The active JSON Web Key Sets can be found here: C:\Users\Zakir\AppData\Local\Temp\avd\running\14732\jwks\4fb3f297-2dad-4442-81d2-a1d17a12709b\active.jwk
INFO         | Scanning C:\Users\Zakir\AppData\Local\Temp\avd\running\14732\jwks\4fb3f297-2dad-4442-81d2-a1d17a12709b for jwk keys.
INFO         | Started GRPC server at 127.0.0.1:8554, security: Local, auth: +token
INFO         | Advertising in: C:\Users\Zakir\AppData\Local\Temp\avd\running\pid_14732.ini
INFO         | Successfully initialized netsim WiFi
INFO         | Activated packet streamer for bluetooth emulation
INFO         | Activated packet streamer for uwb emulation
INFO         | Setting display: 0 configuration to: 1080x2424, dpi: 420x420 
INFO         | setDisplayActiveConfig: id:0, 1080x2424
INFO         | Checking system compatibility:
INFO         |   Checking: hasCompatibleHypervisor
INFO         |      Ok: Hypervisor compatibility to run avd: `Pixel_9a` are met
INFO         |   Checking: hasSufficientSystem
INFO         |      Warning: Suggested minimum system RAM to run avd 'Pixel_9a' is 16384 MiB (available: 16165 MiB)
INFO         |   Checking: hasSufficientHwGpu
INFO         |      Ok: Hardware GPU requirements to run avd: `Pixel_9a` are passed
INFO         |   Checking: hasSufficientDiskSpace
INFO         |      Ok: Disk space requirements to run avd: `Pixel_9a` are met
WARNING      | getEnvironmentConfig: No environment config is provided
INFO         | getEnvironmentConfig: Using default virtual scene mode for the environment.
INFO         | getEnvironmentConfig: Using default configuration for mode mesh3d for the environment.
INFO         | Initializing a scene with mode: mesh3d, argument: Toren1BD.obj
INFO         | Loading snapshot 'default_boot'...
WARNING      | Error -1 from the snapshot callback

WARNING      | Failed to load snapshot 'default_boot'
INFO         | Warning: QMetaObject::connectSlotsByName: No matching signal for on_rgbcSensorValueWidget_valueChanged() (:0, )
INFO         | Warning: QMetaObject::connectSlotsByName: No matching signal for on_posture_valueChanged(int) (:0, )
INFO         | TouchpadHolder: registering via hw_xr_led agent for instance=000001C20225D190
INFO         | Warning: QObject::connect: Cannot queue arguments of type 'std::vector<android::emulation::control::SnapshotInfo>'
(Make sure 'std::vector<android::emulation::control::SnapshotInfo>' is registered using qRegisterMetaType().) (:0, )
INFO         | AVD supportsNativeGLES=1, supportsGuestAngle=1
INFO         | Guest Angle is still unstable for API > 35.
INFO         | Created extended window in 211.687ms
WARNING      | adb command 'C:\Users\Zakir\AppData\Local\Android\Sdk\platform-tools\adb.exe -s emulator-5554 shell getprop sys.boot_completed ' failed: 'adb.exe: device offline'
WARNING      | adb command 'C:\Users\Zakir\AppData\Local\Android\Sdk\platform-tools\adb.exe -s emulator-5554 shell getprop sys.boot_completed ' failed: 'adb.exe: device offline'
INFO         | Boot completed in 43023 ms
INFO         | Increasing screen off timeout, logcat buffer size to 2M.
INFO         | IPv4 server found: 103.60.172.20
INFO         | Ignore IPv6 address: b88b:8624:c201:0:2084:8624:c201:0
INFO         | Ignore IPv6 address: b88b:8624:c201:0:2084:8624:c201:0
INFO         | Ignore IPv6 address: b88b:8624:c201:0:2084:8624:c201:0
INFO         | IPv4 server found: 103.60.172.20
INFO         | Ignore IPv6 address: a877:3406:c201:0:1070:3406:c201:0
INFO         | Ignore IPv6 address: a877:3406:c201:0:1070:3406:c201:0
INFO         | Ignore IPv6 address: a877:3406:c201:0:1070:3406:c201:0
INFO         | IPv4 server found: 103.60.172.20
INFO         | Ignore IPv6 address: a877:3406:c201:0:1070:3406:c201:0
INFO         | Ignore IPv6 address: a877:3406:c201:0:1070:3406:c201:0
INFO         | Ignore IPv6 address: a877:3406:c201:0:1070:3406:c201:0
INFO         | Created VkInstance:000001C21BEA8DD0 for application:'' engine:''.
INFO         | Destroyed VkInstance:000001C21BEA8DD0 for application:'' engine:''.
INFO         | Wait for emulator (pid 14732) 20 seconds to shutdown gracefully before kill;you can set environment variable ANDROID_EMULATOR_WAIT_TIME_BEFORE_KILL(in seconds) to change the default value (20 seconds)

INFO         | Saving with gfxstream=1
INFO         | Saving snapshot 'default_boot' using 1668 ms
pc_memory_init: above 4g size: 40000000
INFO         | removeScene: scene=0x1c202735b60
INFO         | removeAll
WARNING      | Netsim Wifi dns:///localhost:62065 is gone due to Stream removed (CANCELLED)
